
   PASS  Tests\Feature\Repositories\UserRepositoryTest
  Γ£ô findWithFilters filters by role, search, and default sorting                        1.96s  
  Γ£ô findWithFilters can include only soft-deleted users                                 0.08s  
  Γ£ô getAuditLogs returns formatted logs in chronological order                          0.08s  
  Γ£ô getAdministratorCount excludes soft-deleted accounts                                0.08s  

  Tests:    4 passed (15 assertions)
  Duration: 3.02s

